// Jest Snapshot v1, https://goo.gl/fbAQLP

exports[`renders correctly enzyme 1`] = `
<div
  className="flex h-screen justify-center items-center"
>
  <div
    className="flex flex-col items-center"
  >
    <div
      className="w-16 h-16 border-8 border-slate-900 dark:border-slate-100 border-solid rounded-full animate-spin"
      style={
        Object {
          "borderTopColor": "transparent",
        }
      }
    />
    <p
      className="mt-5 text-xl font-bold dark:text-slate-100"
    >
      Loading Data...
    </p>
  </div>
</div>
`;
